Copyright 1986-2022 Xilinx, Inc. All Rights Reserved. Copyright 2022-2026 Advanced Micro Devices, Inc. All Rights Reserved.
---------------------------------------------------------------------------------------------------------------------------------------------------------------------------------------------------------------------------------------------
| Tool Version : Vivado v.2026.1 (win64) Build 6511674 Tue Jun 16 11:02:23 MDT 2026
| Date         : Mon Sep 14 13:49:28 2026
| Host         : Aspire-A3 running 64-bit major release  (build 9200)
| Command      : report_timing_summary -max_paths 10 -routable_nets -report_unconstrained -file js03_tugas3_timing_summary_routed.rpt -pb js03_tugas3_timing_summary_routed.pb -rpx js03_tugas3_timing_summary_routed.rpx -warn_on_violation
| Design       : js03_tugas3
| Device       : 7a35t-cpg236
| Speed File   : -1  PRODUCTION 1.23 2018-06-13
| Design State : Routed
---------------------------------------------------------------------------------------------------------------------------------------------------------------------------------------------------------------------------------------------

Timing Summary Report

------------------------------------------------------------------------------------------------
| Timer Settings
| --------------
------------------------------------------------------------------------------------------------

  Enable Multi Corner Analysis               :  Yes
  Enable Pessimism Removal                   :  Yes
  Pessimism Removal Resolution               :  Nearest Common Node
  Enable Input Delay Default Clock           :  No
  Enable Preset / Clear Arcs                 :  No
  Disable Flight Delays                      :  No
  Ignore I/O Paths                           :  No
  Timing Early Launch at Borrowing Latches   :  No
  Borrow Time for Max Delay Exceptions       :  Yes
  Merge Timing Exceptions                    :  Yes
  Inter-SLR Compensation                     :  Conservative

  Corner  Analyze    Analyze    
  Name    Max Paths  Min Paths  
  ------  ---------  ---------  
  Slow    Yes        Yes        
  Fast    Yes        Yes        


------------------------------------------------------------------------------------------------
| Report Methodology
| ------------------
------------------------------------------------------------------------------------------------

No report available as report_methodology has not been run prior. Run report_methodology on the current design for the summary of methodology violations.



check_timing report

Table of Contents
-----------------
1. checking no_clock (0)
2. checking constant_clock (0)
3. checking pulse_width_clock (0)
4. checking unconstrained_internal_endpoints (0)
5. checking no_input_delay (0)
6. checking no_output_delay (0)
7. checking multiple_clock (0)
8. checking generated_clocks (0)
9. checking loops (0)
10. checking partial_input_delay (0)
11. checking partial_output_delay (0)
12. checking latch_loops (0)

1. checking no_clock (0)
------------------------
 There are 0 register/latch pins with no clock.


2. checking constant_clock (0)
------------------------------
 There are 0 register/latch pins with constant_clock.


3. checking pulse_width_clock (0)
---------------------------------
 There are 0 register/latch pins which need pulse_width check


4. checking unconstrained_internal_endpoints (0)
------------------------------------------------
 There are 0 pins that are not constrained for maximum delay.

 There are 0 pins that are not constrained for maximum delay due to constant clock.


5. checking no_input_delay (0)
------------------------------
 There are 0 input ports with no input delay specified.

 There are 0 input ports with no input delay but user has a false path constraint.


6. checking no_output_delay (0)
-------------------------------
 There are 0 ports with no output delay specified.

 There are 0 ports with no output delay but user has a false path constraint

 There are 0 ports with no output delay but with a timing clock defined on it or propagating through it


7. checking multiple_clock (0)
------------------------------
 There are 0 register/latch pins with multiple clocks.


8. checking generated_clocks (0)
--------------------------------
 There are 0 generated clocks that are not connected to a clock source.


9. checking loops (0)
---------------------
 There are 0 combinational loops in the design.


10. checking partial_input_delay (0)
------------------------------------
 There are 0 input ports with partial input delay specified.


11. checking partial_output_delay (0)
-------------------------------------
 There are 0 ports with partial output delay specified.


12. checking latch_loops (0)
----------------------------
 There are 0 combinational latch loops in the design through latch input



------------------------------------------------------------------------------------------------
| Design Timing Summary
| ---------------------
------------------------------------------------------------------------------------------------

    WNS(ns)      TNS(ns)  TNS Failing Endpoints  TNS Total Endpoints      WHS(ns)      THS(ns)  THS Failing Endpoints  THS Total Endpoints     WPWS(ns)     TPWS(ns)  TPWS Failing Endpoints  TPWS Total Endpoints  
    -------      -------  ---------------------  -------------------      -------      -------  ---------------------  -------------------     --------     --------  ----------------------  --------------------  
        inf        0.000                      0                    5          inf        0.000                      0                    5           NA           NA                      NA                    NA  


There are no user specified timing constraints.


------------------------------------------------------------------------------------------------
| Clock Summary
| -------------
------------------------------------------------------------------------------------------------


------------------------------------------------------------------------------------------------
| Intra Clock Table
| -----------------
------------------------------------------------------------------------------------------------

Clock             WNS(ns)      TNS(ns)  TNS Failing Endpoints  TNS Total Endpoints      WHS(ns)      THS(ns)  THS Failing Endpoints  THS Total Endpoints     WPWS(ns)     TPWS(ns)  TPWS Failing Endpoints  TPWS Total Endpoints  
-----             -------      -------  ---------------------  -------------------      -------      -------  ---------------------  -------------------     --------     --------  ----------------------  --------------------  


------------------------------------------------------------------------------------------------
| Inter Clock Table
| -----------------
------------------------------------------------------------------------------------------------

From Clock    To Clock          WNS(ns)      TNS(ns)  TNS Failing Endpoints  TNS Total Endpoints      WHS(ns)      THS(ns)  THS Failing Endpoints  THS Total Endpoints  
----------    --------          -------      -------  ---------------------  -------------------      -------      -------  ---------------------  -------------------  


------------------------------------------------------------------------------------------------
| Other Path Groups Table
| -----------------------
------------------------------------------------------------------------------------------------

Path Group    From Clock    To Clock          WNS(ns)      TNS(ns)  TNS Failing Endpoints  TNS Total Endpoints      WHS(ns)      THS(ns)  THS Failing Endpoints  THS Total Endpoints  
----------    ----------    --------          -------      -------  ---------------------  -------------------      -------      -------  ---------------------  -------------------  


------------------------------------------------------------------------------------------------
| User Ignored Path Table
| -----------------------
------------------------------------------------------------------------------------------------

Path Group    From Clock    To Clock    
----------    ----------    --------    


------------------------------------------------------------------------------------------------
| Unconstrained Path Table
| ------------------------
------------------------------------------------------------------------------------------------

Path Group    From Clock    To Clock    
----------    ----------    --------    
(none)                                    


------------------------------------------------------------------------------------------------
| Timing Details
| --------------
------------------------------------------------------------------------------------------------


--------------------------------------------------------------------------------------
Path Group:  (none)
From Clock:  
  To Clock:  

Max Delay             5 Endpoints
Min Delay             5 Endpoints
--------------------------------------------------------------------------------------


Max Delay Paths
--------------------------------------------------------------------------------------
Slack:                    inf
  Source:                 sw[15]
                            (input port)
  Destination:            led[1]
                            (output port)
  Path Group:             (none)
  Path Type:              Max at Slow Process Corner
  Data Path Delay:        12.447ns  (logic 5.340ns (42.902%)  route 7.107ns (57.098%))
  Logic Levels:           3  (IBUF=1 LUT5=1 OBUF=1)

    Location             Delay type                Incr(ns)  Path(ns)    Netlist Resource(s)
  -------------------------------------------------------------------    -------------------
    R2                                                0.000     0.000 r  sw[15]
                         net (fo=0)                   0.000     0.000    sw[15]
    R2                   IBUF (Prop_ibuf_I_O)         1.456     1.456 r  sw_IBUF[15]_inst/O
                         net (fo=5, routed)           4.266     5.723    sw_IBUF[15]
    SLICE_X0Y11          LUT5 (Prop_lut5_I2_O)        0.152     5.875 r  led_OBUF[1]_inst_i_1/O
                         net (fo=1, routed)           2.840     8.715    led_OBUF[1]
    E19                  OBUF (Prop_obuf_I_O)         3.732    12.447 r  led_OBUF[1]_inst/O
                         net (fo=0)                   0.000    12.447    led[1]
    E19                                                               r  led[1]
  -------------------------------------------------------------------    -------------------

Slack:                    inf
  Source:                 sw[15]
                            (input port)
  Destination:            led[2]
                            (output port)
  Path Group:             (none)
  Path Type:              Max at Slow Process Corner
  Data Path Delay:        12.345ns  (logic 5.205ns (42.164%)  route 7.140ns (57.836%))
  Logic Levels:           4  (IBUF=1 LUT4=1 LUT5=1 OBUF=1)

    Location             Delay type                Incr(ns)  Path(ns)    Netlist Resource(s)
  -------------------------------------------------------------------    -------------------
    R2                                                0.000     0.000 r  sw[15]
                         net (fo=0)                   0.000     0.000    sw[15]
    R2                   IBUF (Prop_ibuf_I_O)         1.456     1.456 r  sw_IBUF[15]_inst/O
                         net (fo=5, routed)           4.266     5.723    sw_IBUF[15]
    SLICE_X0Y11          LUT5 (Prop_lut5_I1_O)        0.124     5.847 r  led_OBUF[4]_inst_i_2/O
                         net (fo=3, routed)           0.807     6.654    led_OBUF[4]_inst_i_2_n_0
    SLICE_X0Y11          LUT4 (Prop_lut4_I0_O)        0.124     6.778 r  led_OBUF[2]_inst_i_1/O
                         net (fo=1, routed)           2.066     8.844    led_OBUF[2]
    U19                  OBUF (Prop_obuf_I_O)         3.501    12.345 r  led_OBUF[2]_inst/O
                         net (fo=0)                   0.000    12.345    led[2]
    U19                                                               r  led[2]
  -------------------------------------------------------------------    -------------------

Slack:                    inf
  Source:                 sw[15]
                            (input port)
  Destination:            led[4]
                            (output port)
  Path Group:             (none)
  Path Type:              Max at Slow Process Corner
  Data Path Delay:        12.169ns  (logic 5.213ns (42.837%)  route 6.956ns (57.163%))
  Logic Levels:           4  (IBUF=1 LUT5=1 LUT6=1 OBUF=1)

    Location             Delay type                Incr(ns)  Path(ns)    Netlist Resource(s)
  -------------------------------------------------------------------    -------------------
    R2                                                0.000     0.000 r  sw[15]
                         net (fo=0)                   0.000     0.000    sw[15]
    R2                   IBUF (Prop_ibuf_I_O)         1.456     1.456 r  sw_IBUF[15]_inst/O
                         net (fo=5, routed)           4.266     5.723    sw_IBUF[15]
    SLICE_X0Y11          LUT5 (Prop_lut5_I1_O)        0.124     5.847 r  led_OBUF[4]_inst_i_2/O
                         net (fo=3, routed)           0.819     6.666    led_OBUF[4]_inst_i_2_n_0
    SLICE_X0Y11          LUT6 (Prop_lut6_I0_O)        0.124     6.790 r  led_OBUF[4]_inst_i_1/O
                         net (fo=1, routed)           1.871     8.660    led_OBUF[4]
    W18                  OBUF (Prop_obuf_I_O)         3.509    12.169 r  led_OBUF[4]_inst/O
                         net (fo=0)                   0.000    12.169    led[4]
    W18                                                               r  led[4]
  -------------------------------------------------------------------    -------------------

Slack:                    inf
  Source:                 sw[15]
                            (input port)
  Destination:            led[3]
                            (output port)
  Path Group:             (none)
  Path Type:              Max at Slow Process Corner
  Data Path Delay:        12.129ns  (logic 5.213ns (42.981%)  route 6.916ns (57.019%))
  Logic Levels:           4  (IBUF=1 LUT5=1 LUT6=1 OBUF=1)

    Location             Delay type                Incr(ns)  Path(ns)    Netlist Resource(s)
  -------------------------------------------------------------------    -------------------
    R2                                                0.000     0.000 r  sw[15]
                         net (fo=0)                   0.000     0.000    sw[15]
    R2                   IBUF (Prop_ibuf_I_O)         1.456     1.456 r  sw_IBUF[15]_inst/O
                         net (fo=5, routed)           4.266     5.723    sw_IBUF[15]
    SLICE_X0Y11          LUT5 (Prop_lut5_I1_O)        0.124     5.847 r  led_OBUF[4]_inst_i_2/O
                         net (fo=3, routed)           0.783     6.629    led_OBUF[4]_inst_i_2_n_0
    SLICE_X0Y11          LUT6 (Prop_lut6_I0_O)        0.124     6.753 r  led_OBUF[3]_inst_i_1/O
                         net (fo=1, routed)           1.867     8.620    led_OBUF[3]
    V19                  OBUF (Prop_obuf_I_O)         3.509    12.129 r  led_OBUF[3]_inst/O
                         net (fo=0)                   0.000    12.129    led[3]
    V19                                                               r  led[3]
  -------------------------------------------------------------------    -------------------

Slack:                    inf
  Source:                 sw[0]
                            (input port)
  Destination:            led[0]
                            (output port)
  Path Group:             (none)
  Path Type:              Max at Slow Process Corner
  Data Path Delay:        8.470ns  (logic 5.082ns (59.995%)  route 3.388ns (40.005%))
  Logic Levels:           3  (IBUF=1 LUT2=1 OBUF=1)

    Location             Delay type                Incr(ns)  Path(ns)    Netlist Resource(s)
  -------------------------------------------------------------------    -------------------
    V17                                               0.000     0.000 r  sw[0]
                         net (fo=0)                   0.000     0.000    sw[0]
    V17                  IBUF (Prop_ibuf_I_O)         1.453     1.453 r  sw_IBUF[0]_inst/O
                         net (fo=3, routed)           1.502     2.955    sw_IBUF[0]
    SLICE_X0Y8           LUT2 (Prop_lut2_I1_O)        0.124     3.079 r  led_OBUF[0]_inst_i_1/O
                         net (fo=1, routed)           1.886     4.965    led_OBUF[0]
    U16                  OBUF (Prop_obuf_I_O)         3.505     8.470 r  led_OBUF[0]_inst/O
                         net (fo=0)                   0.000     8.470    led[0]
    U16                                                               r  led[0]
  -------------------------------------------------------------------    -------------------





Min Delay Paths
--------------------------------------------------------------------------------------
Slack:                    inf
  Source:                 sw[4]
                            (input port)
  Destination:            led[0]
                            (output port)
  Path Group:             (none)
  Path Type:              Min at Fast Process Corner
  Data Path Delay:        2.287ns  (logic 1.470ns (64.269%)  route 0.817ns (35.731%))
  Logic Levels:           3  (IBUF=1 LUT2=1 OBUF=1)

    Location             Delay type                Incr(ns)  Path(ns)    Netlist Resource(s)
  -------------------------------------------------------------------    -------------------
    W15                                               0.000     0.000 r  sw[4]
                         net (fo=0)                   0.000     0.000    sw[4]
    W15                  IBUF (Prop_ibuf_I_O)         0.219     0.219 r  sw_IBUF[4]_inst/O
                         net (fo=3, routed)           0.401     0.620    sw_IBUF[4]
    SLICE_X0Y8           LUT2 (Prop_lut2_I0_O)        0.045     0.665 r  led_OBUF[0]_inst_i_1/O
                         net (fo=1, routed)           0.416     1.081    led_OBUF[0]
    U16                  OBUF (Prop_obuf_I_O)         1.206     2.287 r  led_OBUF[0]_inst/O
                         net (fo=0)                   0.000     2.287    led[0]
    U16                                                               r  led[0]
  -------------------------------------------------------------------    -------------------

Slack:                    inf
  Source:                 sw[2]
                            (input port)
  Destination:            led[4]
                            (output port)
  Path Group:             (none)
  Path Type:              Min at Fast Process Corner
  Data Path Delay:        2.328ns  (logic 1.486ns (63.847%)  route 0.842ns (36.153%))
  Logic Levels:           3  (IBUF=1 LUT6=1 OBUF=1)

    Location             Delay type                Incr(ns)  Path(ns)    Netlist Resource(s)
  -------------------------------------------------------------------    -------------------
    W16                                               0.000     0.000 r  sw[2]
                         net (fo=0)                   0.000     0.000    sw[2]
    W16                  IBUF (Prop_ibuf_I_O)         0.232     0.232 r  sw_IBUF[2]_inst/O
                         net (fo=3, routed)           0.420     0.652    sw_IBUF[2]
    SLICE_X0Y11          LUT6 (Prop_lut6_I1_O)        0.045     0.697 r  led_OBUF[4]_inst_i_1/O
                         net (fo=1, routed)           0.422     1.119    led_OBUF[4]
    W18                  OBUF (Prop_obuf_I_O)         1.210     2.328 r  led_OBUF[4]_inst/O
                         net (fo=0)                   0.000     2.328    led[4]
    W18                                                               r  led[4]
  -------------------------------------------------------------------    -------------------

Slack:                    inf
  Source:                 sw[7]
                            (input port)
  Destination:            led[3]
                            (output port)
  Path Group:             (none)
  Path Type:              Min at Fast Process Corner
  Data Path Delay:        2.329ns  (logic 1.482ns (63.646%)  route 0.847ns (36.354%))
  Logic Levels:           3  (IBUF=1 LUT6=1 OBUF=1)

    Location             Delay type                Incr(ns)  Path(ns)    Netlist Resource(s)
  -------------------------------------------------------------------    -------------------
    W13                                               0.000     0.000 r  sw[7]
                         net (fo=0)                   0.000     0.000    sw[7]
    W13                  IBUF (Prop_ibuf_I_O)         0.227     0.227 r  sw_IBUF[7]_inst/O
                         net (fo=2, routed)           0.422     0.649    sw_IBUF[7]
    SLICE_X0Y11          LUT6 (Prop_lut6_I4_O)        0.045     0.694 r  led_OBUF[3]_inst_i_1/O
                         net (fo=1, routed)           0.425     1.118    led_OBUF[3]
    V19                  OBUF (Prop_obuf_I_O)         1.210     2.329 r  led_OBUF[3]_inst/O
                         net (fo=0)                   0.000     2.329    led[3]
    V19                                                               r  led[3]
  -------------------------------------------------------------------    -------------------

Slack:                    inf
  Source:                 sw[2]
                            (input port)
  Destination:            led[2]
                            (output port)
  Path Group:             (none)
  Path Type:              Min at Fast Process Corner
  Data Path Delay:        2.401ns  (logic 1.479ns (61.588%)  route 0.922ns (38.412%))
  Logic Levels:           3  (IBUF=1 LUT4=1 OBUF=1)

    Location             Delay type                Incr(ns)  Path(ns)    Netlist Resource(s)
  -------------------------------------------------------------------    -------------------
    W16                                               0.000     0.000 r  sw[2]
                         net (fo=0)                   0.000     0.000    sw[2]
    W16                  IBUF (Prop_ibuf_I_O)         0.232     0.232 r  sw_IBUF[2]_inst/O
                         net (fo=3, routed)           0.421     0.653    sw_IBUF[2]
    SLICE_X0Y11          LUT4 (Prop_lut4_I3_O)        0.045     0.698 r  led_OBUF[2]_inst_i_1/O
                         net (fo=1, routed)           0.501     1.199    led_OBUF[2]
    U19                  OBUF (Prop_obuf_I_O)         1.202     2.401 r  led_OBUF[2]_inst/O
                         net (fo=0)                   0.000     2.401    led[2]
    U19                                                               r  led[2]
  -------------------------------------------------------------------    -------------------

Slack:                    inf
  Source:                 sw[1]
                            (input port)
  Destination:            led[1]
                            (output port)
  Path Group:             (none)
  Path Type:              Min at Fast Process Corner
  Data Path Delay:        2.835ns  (logic 1.568ns (55.316%)  route 1.267ns (44.684%))
  Logic Levels:           3  (IBUF=1 LUT5=1 OBUF=1)

    Location             Delay type                Incr(ns)  Path(ns)    Netlist Resource(s)
  -------------------------------------------------------------------    -------------------
    V16                                               0.000     0.000 r  sw[1]
                         net (fo=0)                   0.000     0.000    sw[1]
    V16                  IBUF (Prop_ibuf_I_O)         0.229     0.229 r  sw_IBUF[1]_inst/O
                         net (fo=2, routed)           0.422     0.652    sw_IBUF[1]
    SLICE_X0Y11          LUT5 (Prop_lut5_I4_O)        0.046     0.698 r  led_OBUF[1]_inst_i_1/O
                         net (fo=1, routed)           0.844     1.542    led_OBUF[1]
    E19                  OBUF (Prop_obuf_I_O)         1.293     2.835 r  led_OBUF[1]_inst/O
                         net (fo=0)                   0.000     2.835    led[1]
    E19                                                               r  led[1]
  -------------------------------------------------------------------    -------------------





